== 22:53:18 bridge form v125a-1 load=2.71
{"file": "bridge-form-v125a-1.json", "turns": 4, "in": 8, "out": 696, "cache_w": 37457, "cache_r": 181705, "cost": 0.1931, "result_head": "Form inviato, tutti campi corretti (privacy s\u00ec, newsletter no).\n\nMessaggio di conferma esatto:\n```\nRegistrazione completata\nRegistrato: Mario Rossi <mario.rossi"}
== 22:53:52 bridge heavy v125a-1 load=5.73
{"file": "bridge-heavy-v125a-1.json", "turns": 6, "in": 10, "out": 838, "cache_w": 39253, "cache_r": 264264, "cost": 0.2183, "result_head": "SKU-0777: nome \"Prodotto 777\", categoria Casa, prezzo 292.0, stock 1.\n\nTabella: 1500 righe dati totali."}
== 22:57:06 bridge heavy v125a-2 load=5.78
{"file": "bridge-heavy-v125a-2.json", "turns": 6, "in": 10, "out": 523, "cache_w": 39045, "cache_r": 263787, "cost": 0.2142, "result_head": "SKU-0777: nome \"Prodotto 777\", categoria Casa, prezzo 292.0, stock 1.\n\nRighe dati totali tabella: 1500."}
== 22:58:55 bridge form v125a-2 load=4.72
{"file": "bridge-form-v125a-2.json", "turns": 4, "in": 8, "out": 630, "cache_w": 32142, "cache_r": 187557, "cost": 0.1724, "result_head": "Form inviato. Campi corretti, newsletter non spuntata, privacy s\u00ec.\n\nMessaggio di conferma esatto:\n\n```\nRegistrazione completata\nRegistrato: Mario Rossi <mario.r"}
== 22:59:30 bridge form v125a-3 load=5.41
{"file": "bridge-form-v125a-3.json", "turns": 4, "in": 8, "out": 623, "cache_w": 33076, "cache_r": 189636, "cost": 0.1765, "result_head": "Form inviato. Messaggio conferma esatto:\n\n```\nRegistrazione completata\nRegistrato: Mario Rossi <mario.rossi@example.com> \u2014 Calabria, newsletter: no\n```"}
== 23:03:14 bridge heavy v125a-3 load=5.64
{"file": "bridge-heavy-v125a-3.json", "turns": 6, "in": 10, "out": 477, "cache_w": 39286, "cache_r": 264800, "cost": 0.2149, "result_head": "SKU-0777: nome Prodotto 777, categoria Casa, prezzo 292.0, stock 1.\n\nRighe dati totali tabella: 1500."}
== 23:04:00 bridge heavy v125a-4 load=5.10
{"file": "bridge-heavy-v125a-4.json", "turns": 4, "in": 8, "out": 535, "cache_w": 30620, "cache_r": 185644, "cost": 0.165, "result_head": "SKU-0777: nome Prodotto 777, categoria Casa, prezzo 292.0, stock 1.\n\nRighe dati totali tabella: 1500."}
== 23:04:29 bridge form v125a-4 load=5.82
{"file": "bridge-form-v125a-4.json", "turns": 4, "in": 8, "out": 720, "cache_w": 32899, "cache_r": 189409, "cost": 0.1767, "result_head": "Form inviato, campi tutti corretti (privacy checked, newsletter unchecked).\n\nMessaggio di conferma esatto:\n\n```\nRegistrazione completata\nRegistrato: Mario Rossi"}
== 23:05:08 bridge form v125a-5 load=5.84
{"file": "bridge-form-v125a-5.json", "turns": 4, "in": 8, "out": 794, "cache_w": 33514, "cache_r": 190739, "cost": 0.1802, "result_head": "Form inviato, tutti campi corretti (privacy \u2713, newsletter \u2717).\n\nMessaggio di conferma esatto:\n\n```\nRegistrazione completata\nRegistrato: Mario Rossi <mario.rossi@"}
== 23:06:03 bridge heavy v125a-5 load=4.64
{"file": "bridge-heavy-v125a-5.json", "turns": 4, "in": 8, "out": 392, "cache_w": 31173, "cache_r": 187038, "cost": 0.166, "result_head": "SKU-0777: nome \"Prodotto 777\", categoria Casa, prezzo 292.0, stock 1.\n\nTabella: 1500 righe dati totali."}
== fine 23:06:28
list_connected_browsers: [{"deviceId": "98e47723-b4d7-4407-9d48-ec7fb46a189a", "name": "Browser 1", "osPlatform": "Windows", "connectedAt": 1790617099338, "isLocal": false, "inUse": true}]
STOP: browser non ammesso [{"deviceId": "98e47723-b4d7-4407-9d48-ec7fb46a189a", "name": "Browser 1", "osPlatform": "Windows", "connectedAt": 1790617099338, "isLocal": false, "inUse": true}] (CIC_DEVICE_ID=3865739a-ac6d-457e-8c82-bc250629de7e)
SERIE FINITA 23:06
