== 23:25:53 bridge form v125b-1 load=4.96
{"file": "bridge-form-v125b-1.json", "turns": 3, "in": 6, "out": 496, "cache_w": 71668, "cache_r": 141545, "cost": 0.32, "result_head": "Form inviato. Messaggio conferma esatto:\n\n```\nRegistrazione completata\nRegistrato: Mario Rossi <mario.rossi@example.com> \u2014 Calabria, newsletter: no\n```"}
== 23:26:15 bridge heavy v125b-1 load=4.58
{"file": "bridge-heavy-v125b-1.json", "turns": 3, "in": 6, "out": 270, "cache_w": 28289, "cache_r": 183421, "cost": 0.1526, "result_head": "SKU-0777: nome \"Prodotto 777\", categoria Casa, prezzo 292.0, stock 1.\n\nRighe dati totali tabella: 1500."}
== 23:26:31 bridge debug v125b-1 load=4.23
{"file": "bridge-debug-v125b-1.json", "turns": 10, "in": 14, "out": 1957, "cache_w": 34848, "cache_r": 485615, "cost": 0.2561, "result_head": "Trovate entrambe le cause.\n\n**Carrello vuoto**\n- Richiesta di rete fallita: `GET /api/cart` \u2192 **404**.\n- Errore JS in `src/cart.js:9` (`renderCart`): `TypeError"}
== 23:27:08 bridge form v125b-2 load=3.05
{"file": "bridge-form-v125b-2.json", "turns": 3, "in": 6, "out": 520, "cache_w": 29538, "cache_r": 184704, "cost": 0.1603, "result_head": "Form inviato ok. Messaggio conferma esatto:\n\n```\nRegistrazione completata\nRegistrato: Mario Rossi <mario.rossi@example.com> \u2014 Calabria, newsletter: no\n```"}
== 23:27:31 bridge heavy v125b-2 load=2.50
{"file": "bridge-heavy-v125b-2.json", "turns": 3, "in": 6, "out": 325, "cache_w": 28633, "cache_r": 184056, "cost": 0.1546, "result_head": "SKU-0777: nome \"Prodotto 777\", categoria Casa, prezzo 292.0, stock 1.\n\nTabella: 1500 righe dati totali."}
== 23:27:46 bridge debug v125b-2 load=2.67
{"file": "bridge-debug-v125b-2.json", "turns": 8, "in": 12, "out": 1474, "cache_w": 33849, "cache_r": 408894, "cost": 0.2319, "result_head": "Riga 8 di style.css: `.pay { ... background-color: var(--brand-primary); ... }` \u2014 `--brand-primary` non \u00e8 mai definita (nessuna regola la imposta, n\u00e9 su `:root`"}
== 23:28:16 bridge form v125b-3 load=2.73
{"file": "bridge-form-v125b-3.json", "turns": 3, "in": 6, "out": 508, "cache_w": 29818, "cache_r": 185275, "cost": 0.1614, "result_head": "Form inviato. Messaggio conferma esatto:\n\n```\nRegistrazione completata\nRegistrato: Mario Rossi <mario.rossi@example.com> \u2014 Calabria, newsletter: no\n```"}
== 23:28:40 bridge heavy v125b-3 load=3.25
{"file": "bridge-heavy-v125b-3.json", "turns": 3, "in": 6, "out": 455, "cache_w": 29058, "cache_r": 184746, "cost": 0.1577, "result_head": "SKU-0777: Prodotto 777, categoria Casa, prezzo 292.0, stock 1.\n\nTabella: 1500 righe dati totali."}
== 23:29:05 bridge debug v125b-3 load=5.57
{"file": "bridge-debug-v125b-3.json", "turns": 7, "in": 8, "out": 1637, "cache_w": 33062, "cache_r": 259557, "cost": 0.2005, "result_head": "**Carrello vuoto**: richiesta `GET /api/cart` \u2192 **404**. Errore JS: `TypeError: Cannot read properties of undefined (reading 'items')` in `src/cart.js:10` (`ren"}
== 23:29:42 bridge form v125b-4 load=4.88
{"file": "bridge-form-v125b-4.json", "turns": 3, "in": 6, "out": 455, "cache_w": 30056, "cache_r": 185795, "cost": 0.1619, "result_head": "Form inviato. Messaggio conferma esatto:\n\n```\nRegistrazione completata\nRegistrato: Mario Rossi <mario.rossi@example.com> \u2014 Calabria, newsletter: no\n```"}
== 23:30:23 bridge heavy v125b-4 load=5.32
{"file": "bridge-heavy-v125b-4.json", "turns": 3, "in": 6, "out": 251, "cache_w": 29117, "cache_r": 185094, "cost": 0.156, "result_head": "SKU-0777: Prodotto 777, categoria Casa, prezzo 292.0, stock 1.\n\nRighe dati totali tabella: 1500."}
== 23:30:40 bridge debug v125b-4 load=5.36
{"file": "bridge-debug-v125b-4.json", "turns": 11, "in": 16, "out": 3255, "cache_w": 40244, "cache_r": 583064, "cost": 0.3102, "result_head": "Trovate cause entrambi i problemi.\n\n**Carrello vuoto \u2014 errore JS:**\n`src/cart.js:10` \u2014 `TypeError: Cannot read properties of undefined (reading 'items')` in `re"}
== 23:31:45 bridge form v125b-5 load=2.52
{"file": "bridge-form-v125b-5.json", "turns": 3, "in": 6, "out": 458, "cache_w": 30070, "cache_r": 185946, "cost": 0.1621, "result_head": "Form inviato. Messaggio conferma esatto:\n\n```\nRegistrazione completata\nRegistrato: Mario Rossi <mario.rossi@example.com> \u2014 Calabria, newsletter: no\n```"}
== 23:32:03 bridge heavy v125b-5 load=4.29
{"file": "bridge-heavy-v125b-5.json", "turns": 3, "in": 6, "out": 288, "cache_w": 29142, "cache_r": 185109, "cost": 0.1565, "result_head": "SKU-0777: nome Prodotto 777, categoria Casa, prezzo 292.0, stock 1.\n\nRighe dati totali tabella: 1500."}
== 23:32:19 bridge debug v125b-5 load=4.66
{"file": "bridge-debug-v125b-5.json", "turns": 9, "in": 10, "out": 2186, "cache_w": 36731, "cache_r": 344277, "cost": 0.2377, "result_head": "Due bug, cause diverse.\n\n**1. Carrello vuoto \u2014 errore JS**\n```\nTypeError: Cannot read properties of undefined (reading 'items')\n  at renderCart (src/cart.js:10:"}
== fine 23:33:02
FINALE BRIDGE FINITO 23:33
